*** Using Compiler 'V5.06 update 7 (build 960)', folder: 'D:\applications\Keil_v5\ARM\AC5\Bin'
Build target 'test'
compiling croutine.c...
compiling event_groups.c...
compiling list.c...
compiling queue.c...
compiling stm32f1xx_hal_flash.c...
compiling stream_buffer.c...
compiling stm32f1xx_hal_pwr.c...
compiling can.c...
compiling gpio.c...
compiling tasks.c...
compiling stm32f1xx_hal_can.c...
compiling timers.c...
compiling stm32f1xx_hal_dma.c...
compiling stm32f1xx_it.c...
compiling stm32f1xx_hal.c...
compiling stm32f1xx_hal_cortex.c...
compiling stm32f1xx_hal_msp.c...
compiling stm32f1xx_hal_gpio.c...
compiling main.c...
compiling system_stm32f1xx.c...
compiling stm32f1xx_hal_uart.c...
compiling stm32f1xx_hal_gpio_ex.c...
compiling usart.c...
compiling heap_4.c...
compiling stm32f1xx_hal_flash_ex.c...
compiling stm32f1xx_hal_exti.c...
compiling stm32f1xx_hal_rcc_ex.c...
compiling freertos.c...
compiling port.c...
compiling stm32f1xx_hal_rcc.c...
compiling cmsis_os2.c...
linking...
Program Size: Code=19588 RO-data=528 RW-data=184 ZI-data=13440  
FromELF: creating hex file...
"test\test.axf" - 0 Error(s), 0 Warning(s).
Build Time Elapsed:  00:00:03
