Load "test\\test.axf" 
Set JLink Project File to "E:\electrical\robowalker\test\test\MDK-ARM\JLinkSettings.ini"* JLink Info: Device "STM32F103C8" selected.

JLink info:
------------
DLL: V9.68 , compiled Aug 12 2026 15:23:53
Firmware: J-Link V9 compiled May  7 2021 16:26:12
Hardware: V9.70
S/N : 150710323 
Feature(s) : GDB, RDI, FlashBP, FlashDL, JFlash 

* JLink Info: InitTarget() start
* JLink Info: SWD selected. Executing JTAG -> SWD switching sequence.
* JLink Info: DAP initialized successfully.
* JLink Info: InitTarget() end - Took 14.3ms
* JLink Info: Found SW-DP with ID 0x1BA01477
* JLink Info: DPIDR: 0x1BA01477
* JLink Info: CoreSight SoC-400 or earlier
* JLink Info: Scanning AP map to find all available APs
* JLink Info: AP[1]: Stopped AP scan as end of AP map has been reached
* JLink Info: AP[0]: AHB-AP (IDR: 0x14770011, ADDR: 0x00000000)
* JLink Info: Iterating through AP map to find AHB-AP to use
* JLink Info: AP[0]: Core found
* JLink Info: AP[0]: AHB-AP ROM base: 0xE00FF000
* JLink Info: CPUID register: 0x411FC231. Implementer code: 0x41 (ARM)
* JLink Info: Found Cortex-M3 r1p1, Little endian.
* JLink Info: FPUnit: 6 code (BP) slots and 2 literal slots
* JLink Info: CoreSight components:
* JLink Info: ROMTbl[0] @ E00FF000
* JLink Info: [0][0]: E000E000 CID B105E00D PID 001BB000 SCS
* JLink Info: [0][1]: E0001000 CID B105E00D PID 001BB002 DWT
* JLink Info: [0][2]: E0002000 CID B105E00D PID 000BB003 FPB
* JLink Info: [0][3]: E0000000 CID B105E00D PID 001BB001 ITM
* JLink Info: [0][4]: E0040000 CID B105900D PID 001BB923 TPIU-Lite
* JLink Info: [0][5]: E0041000 CID B105900D PID 101BB924 ETM-M3
ROMTableAddr = 0xE00FF000
* JLink Info: Reset type: NORMAL (https://kb.segger.com/J-Link_Reset_Strategies)
* JLink Info: Reset: Halt core after reset via DEMCR.VC_CORERESET.
* JLink Info: Reset: Reset device via AIRCR.SYSRESETREQ.

Target info:
------------
Device: STM32F103C8
VTarget = 3.309V
State of Pins: TCK: 0, TDI: 1, TDO: 0, TMS: 1, TRES: 1, TRST: 0
Hardware-Breakpoints: 6
Software-Breakpoints: 8192
Watchpoints:          4
JTAG speed: 500 kHz

* JLink Info: Memory map 'after startup completion point' is active
Erase Done.Programming Done.Verify OK.* JLink Info: Memory map 'before startup completion point' is active
* JLink Info: Reset type: NORMAL (https://kb.segger.com/J-Link_Reset_Strategies)
* JLink Info: Reset: Halt core after reset via DEMCR.VC_CORERESET.
* JLink Info: Reset: Reset device via AIRCR.SYSRESETREQ.
* JLink Info: Memory map 'after startup completion point' is active
Application running ...
* JLink Info: OnDisconnectTarget() start
* JLink Info: OnDisconnectTarget() end - Took 1.47ms
Flash Load finished at 01:42:13
